i32	<allocation-sizes.c>:main:22	*typed_heap_alloc@main[i32* %call3]
i32	<allocation-sizes.c>:main:25	*typed_heap_alloc@main[i32* %call4]
i32	<allocation-sizes.c>:main:28	*typed_heap_alloc@main[i32* %call7]
i8	<allocation-sizes.c>:main:22	*typed_heap_alloc@main[i8* %call3]
i8	<allocation-sizes.c>:main:25	*typed_heap_alloc@main[i8* %call4]
i8	<allocation-sizes.c>:main:28	*typed_heap_alloc@main[i8* %call7]
i8	<allocation-sizes.c>:main:9	*typed_heap_alloc@main[i8* %call2]
