nil	*argv-alloc	[<<main-context>>, nil]	*stack_alloc@main[i8*** %argv.addr]
nil	*argv-alloc	[<<main-context>>, nil]	*stack_alloc@main[i8*** %argv.addr][0]
nil	*argv-alloc[0]	[<<main-context>>, nil]	*stack_alloc@main[i8*** %argv.addr]
nil	*argv-alloc[0]	[<<main-context>>, nil]	*stack_alloc@main[i8*** %argv.addr][0]
nil	*argv[0]-alloc	nil	*argv-alloc
nil	*argv[0]-alloc	nil	*argv-alloc[0]
nil	*argv[0]-alloc[0]	nil	*argv-alloc
nil	*argv[0]-alloc[0]	nil	*argv-alloc[0]
nil	*unknown*	nil	*unknown*
