<ovington-extra-minimal.cpp>:_Z16hardcoded_sharedv:0	*stack_alloc@_Z16hardcoded_sharedv[%"class.std::shared_ptr"* %mylambda]
<ovington-extra-minimal.cpp>:_ZNK10FakeLambda7inspectEv:0	*stack_alloc@_ZNK10FakeLambda7inspectEv[%class.FakeLambda** %this.addr]
<ovington-extra-minimal.cpp>:_ZNSt14__shared_countILN9__gnu_cxx12_Lock_policyE2EEC2I10FakeLambdaSaIS4_EJEEERPT_St20_Sp_alloc_shared_tagIT0_EDpOT1_:0	*stack_alloc@_ZNSt14__shared_countILN9__gnu_cxx12_Lock_policyE2EEC2I10FakeLambdaSaIS4_EJEEERPT_St20_Sp_alloc_shared_tagIT0_EDpOT1_[%"class.std::allocator.0"* %__a2]
<ovington-extra-minimal.cpp>:_ZNSt14__shared_countILN9__gnu_cxx12_Lock_policyE2EEC2I10FakeLambdaSaIS4_EJEEERPT_St20_Sp_alloc_shared_tagIT0_EDpOT1_:1	*stack_alloc@_ZNSt14__shared_countILN9__gnu_cxx12_Lock_policyE2EEC2I10FakeLambdaSaIS4_EJEEERPT_St20_Sp_alloc_shared_tagIT0_EDpOT1_[%"struct.std::__allocated_ptr"* %__guard]
<ovington-extra-minimal.cpp>:_ZNSt14__shared_countILN9__gnu_cxx12_Lock_policyE2EEC2I10FakeLambdaSaIS4_EJEEERPT_St20_Sp_alloc_shared_tagIT0_EDpOT1_:2	*stack_alloc@_ZNSt14__shared_countILN9__gnu_cxx12_Lock_policyE2EEC2I10FakeLambdaSaIS4_EJEEERPT_St20_Sp_alloc_shared_tagIT0_EDpOT1_[%"class.std::allocator"* %agg.tmp]
<ovington-extra-minimal.cpp>:_ZNSt23_Sp_counted_ptr_inplaceI10FakeLambdaSaIS0_ELN9__gnu_cxx12_Lock_policyE2EE10_M_destroyEv:0	*stack_alloc@_ZNSt23_Sp_counted_ptr_inplaceI10FakeLambdaSaIS0_ELN9__gnu_cxx12_Lock_policyE2EE10_M_destroyEv[%"class.std::allocator.0"* %__a]
<ovington-extra-minimal.cpp>:_ZNSt23_Sp_counted_ptr_inplaceI10FakeLambdaSaIS0_ELN9__gnu_cxx12_Lock_policyE2EE10_M_destroyEv:1	*stack_alloc@_ZNSt23_Sp_counted_ptr_inplaceI10FakeLambdaSaIS0_ELN9__gnu_cxx12_Lock_policyE2EE10_M_destroyEv[%"struct.std::__allocated_ptr"* %__guard_ptr]
<ovington-extra-minimal.cpp>:_ZNSt23_Sp_counted_ptr_inplaceI10FakeLambdaSaIS0_ELN9__gnu_cxx12_Lock_policyE2EEC2IJEEES1_DpOT_:0	*stack_alloc@_ZNSt23_Sp_counted_ptr_inplaceI10FakeLambdaSaIS0_ELN9__gnu_cxx12_Lock_policyE2EEC2IJEEES1_DpOT_[%"class.std::allocator"* %agg.tmp]
<ovington-extra-minimal.cpp>:_ZSt11make_sharedI10FakeLambdaJEESt10shared_ptrIT_EDpOT0_:0	*stack_alloc@_ZSt11make_sharedI10FakeLambdaJEESt10shared_ptrIT_EDpOT0_[%"class.std::allocator"* %ref.tmp]
