%class.std::_Mutex_base	<ovington-extra-minimal.cpp>:_ZN9__gnu_cxx13new_allocatorISt23_Sp_counted_ptr_inplaceI10FakeLambdaSaIS2_ELNS_12_Lock_policyE2EEE8allocateEmPKv:23	*typed_heap_alloc@_ZN9__gnu_cxx13new_allocatorISt23_Sp_counted_ptr_inplaceI10FakeLambdaSaIS2_ELNS_12_Lock_policyE2EEE8allocateEmPKv[%"class.std::_Mutex_base"* %call5]
%class.std::_Sp_counted_base	<ovington-extra-minimal.cpp>:_ZN9__gnu_cxx13new_allocatorISt23_Sp_counted_ptr_inplaceI10FakeLambdaSaIS2_ELNS_12_Lock_policyE2EEE8allocateEmPKv:23	*typed_heap_alloc@_ZN9__gnu_cxx13new_allocatorISt23_Sp_counted_ptr_inplaceI10FakeLambdaSaIS2_ELNS_12_Lock_policyE2EEE8allocateEmPKv[%"class.std::_Sp_counted_base"* %call5]
%class.std::_Sp_counted_ptr_inplace	<ovington-extra-minimal.cpp>:_ZN9__gnu_cxx13new_allocatorISt23_Sp_counted_ptr_inplaceI10FakeLambdaSaIS2_ELNS_12_Lock_policyE2EEE8allocateEmPKv:23	*typed_heap_alloc@_ZN9__gnu_cxx13new_allocatorISt23_Sp_counted_ptr_inplaceI10FakeLambdaSaIS2_ELNS_12_Lock_policyE2EEE8allocateEmPKv[%"class.std::_Sp_counted_ptr_inplace"* %call5]
i32 (...)**	<ovington-extra-minimal.cpp>:_ZN9__gnu_cxx13new_allocatorISt23_Sp_counted_ptr_inplaceI10FakeLambdaSaIS2_ELNS_12_Lock_policyE2EEE8allocateEmPKv:23	*typed_heap_alloc@_ZN9__gnu_cxx13new_allocatorISt23_Sp_counted_ptr_inplaceI10FakeLambdaSaIS2_ELNS_12_Lock_policyE2EEE8allocateEmPKv[i32 (...)*** %call5]
i8	<ovington-extra-minimal.cpp>:_ZN9__gnu_cxx13new_allocatorISt23_Sp_counted_ptr_inplaceI10FakeLambdaSaIS2_ELNS_12_Lock_policyE2EEE8allocateEmPKv:23	*typed_heap_alloc@_ZN9__gnu_cxx13new_allocatorISt23_Sp_counted_ptr_inplaceI10FakeLambdaSaIS2_ELNS_12_Lock_policyE2EEE8allocateEmPKv[i8* %call5]
void (%"class.std::_Sp_counted_base"*)**	<ovington-extra-minimal.cpp>:_ZN9__gnu_cxx13new_allocatorISt23_Sp_counted_ptr_inplaceI10FakeLambdaSaIS2_ELNS_12_Lock_policyE2EEE8allocateEmPKv:23	*typed_heap_alloc@_ZN9__gnu_cxx13new_allocatorISt23_Sp_counted_ptr_inplaceI10FakeLambdaSaIS2_ELNS_12_Lock_policyE2EEE8allocateEmPKv[void (%"class.std::_Sp_counted_base"*)*** %call5]
