<ovington-extra-minimal.cpp>:_ZN9__gnu_cxx13new_allocatorISt23_Sp_counted_ptr_inplaceI10FakeLambdaSaIS2_ELNS_12_Lock_policyE2EEE8allocateEmPKv:18	*heap_alloc@_ZN9__gnu_cxx13new_allocatorISt23_Sp_counted_ptr_inplaceI10FakeLambdaSaIS2_ELNS_12_Lock_policyE2EEE8allocateEmPKv[i8* %call2]
