<ovington-extra-minimal.cpp>:_Z16hardcoded_sharedv:24	*heap_alloc@_Z16hardcoded_sharedv[i8* %call5.i.i.i21.i.i.i.i2.i]
