[<ovington-extra-minimal.cpp>:_Z16hardcoded_sharedv:63, nil]	*stack_alloc@_ZNK10FakeLambda7inspectEv[%class.FakeLambda** %this.addr]	[<ovington-extra-minimal.cpp>:_Z16hardcoded_sharedv:63, nil]	<ovington-extra-minimal.cpp>:_ZNK10FakeLambda7inspectEv:%this.addr
nil	*global_alloc@_ZNK10FakeLambda7inspectEv	nil	<ovington-extra-minimal.cpp>:_Z16hardcoded_sharedv:%8
nil	*global_alloc@_ZNSt16_Sp_counted_baseILN9__gnu_cxx12_Lock_policyE2EE10_M_destroyEv	nil	<ovington-extra-minimal.cpp>:_Z16hardcoded_sharedv:%18
nil	*global_alloc@_ZNSt16_Sp_counted_baseILN9__gnu_cxx12_Lock_policyE2EE10_M_destroyEv	nil	<ovington-extra-minimal.cpp>:_ZNSt12__shared_ptrI10FakeLambdaLN9__gnu_cxx12_Lock_policyE2EED2Ev:%9
nil	*global_alloc@_ZNSt16_Sp_counted_baseILN9__gnu_cxx12_Lock_policyE2EED0Ev	[<ovington-extra-minimal.cpp>:_Z16hardcoded_sharedv:119, nil]	<ovington-extra-minimal.cpp>:_ZNSt16_Sp_counted_baseILN9__gnu_cxx12_Lock_policyE2EE10_M_destroyEv:%1
nil	*global_alloc@_ZNSt16_Sp_counted_baseILN9__gnu_cxx12_Lock_policyE2EED0Ev	[<ovington-extra-minimal.cpp>:_ZNSt12__shared_ptrI10FakeLambdaLN9__gnu_cxx12_Lock_policyE2EED2Ev:55, nil]	<ovington-extra-minimal.cpp>:_ZNSt16_Sp_counted_baseILN9__gnu_cxx12_Lock_policyE2EE10_M_destroyEv:%1
nil	*global_alloc@_ZNSt23_Sp_counted_ptr_inplaceI10FakeLambdaSaIS0_ELN9__gnu_cxx12_Lock_policyE2EE10_M_destroyEv	nil	<ovington-extra-minimal.cpp>:_Z16hardcoded_sharedv:%18
nil	*global_alloc@_ZNSt23_Sp_counted_ptr_inplaceI10FakeLambdaSaIS0_ELN9__gnu_cxx12_Lock_policyE2EE10_M_destroyEv	nil	<ovington-extra-minimal.cpp>:_ZNSt12__shared_ptrI10FakeLambdaLN9__gnu_cxx12_Lock_policyE2EED2Ev:%9
nil	*global_alloc@_ZNSt23_Sp_counted_ptr_inplaceI10FakeLambdaSaIS0_ELN9__gnu_cxx12_Lock_policyE2EE10_M_disposeEv	nil	<ovington-extra-minimal.cpp>:_Z16hardcoded_sharedv:%14
nil	*global_alloc@_ZNSt23_Sp_counted_ptr_inplaceI10FakeLambdaSaIS0_ELN9__gnu_cxx12_Lock_policyE2EE10_M_disposeEv	nil	<ovington-extra-minimal.cpp>:_ZNSt12__shared_ptrI10FakeLambdaLN9__gnu_cxx12_Lock_policyE2EED2Ev:%5
nil	*global_alloc@_ZNSt23_Sp_counted_ptr_inplaceI10FakeLambdaSaIS0_ELN9__gnu_cxx12_Lock_policyE2EED0Ev	[<ovington-extra-minimal.cpp>:_Z16hardcoded_sharedv:119, nil]	<ovington-extra-minimal.cpp>:_ZNSt16_Sp_counted_baseILN9__gnu_cxx12_Lock_policyE2EE10_M_destroyEv:%1
nil	*global_alloc@_ZNSt23_Sp_counted_ptr_inplaceI10FakeLambdaSaIS0_ELN9__gnu_cxx12_Lock_policyE2EED0Ev	[<ovington-extra-minimal.cpp>:_ZNSt12__shared_ptrI10FakeLambdaLN9__gnu_cxx12_Lock_policyE2EED2Ev:55, nil]	<ovington-extra-minimal.cpp>:_ZNSt16_Sp_counted_baseILN9__gnu_cxx12_Lock_policyE2EE10_M_destroyEv:%1
nil	*global_alloc@_ZTV10FakeLambda[0].?/0[2]	nil	<ovington-extra-minimal.cpp>:_Z16hardcoded_sharedv:%vtable
nil	*global_alloc@_ZTV10FakeLambda[0].?/0[4]	nil	<ovington-extra-minimal.cpp>:_Z16hardcoded_sharedv:%vfn
nil	*global_alloc@_ZTVSt16_Sp_counted_baseILN9__gnu_cxx12_Lock_policyE2EE[0].?/0[2]	[<ovington-extra-minimal.cpp>:_Z16hardcoded_sharedv:119, nil]	<ovington-extra-minimal.cpp>:_ZNSt16_Sp_counted_baseILN9__gnu_cxx12_Lock_policyE2EE10_M_destroyEv:%vtable
nil	*global_alloc@_ZTVSt16_Sp_counted_baseILN9__gnu_cxx12_Lock_policyE2EE[0].?/0[2]	[<ovington-extra-minimal.cpp>:_ZNSt12__shared_ptrI10FakeLambdaLN9__gnu_cxx12_Lock_policyE2EED2Ev:55, nil]	<ovington-extra-minimal.cpp>:_ZNSt16_Sp_counted_baseILN9__gnu_cxx12_Lock_policyE2EE10_M_destroyEv:%vtable
nil	*global_alloc@_ZTVSt16_Sp_counted_baseILN9__gnu_cxx12_Lock_policyE2EE[0].?/0[2]	nil	<ovington-extra-minimal.cpp>:_Z16hardcoded_sharedv:%vtable.i.i.i
nil	*global_alloc@_ZTVSt16_Sp_counted_baseILN9__gnu_cxx12_Lock_policyE2EE[0].?/0[2]	nil	<ovington-extra-minimal.cpp>:_Z16hardcoded_sharedv:%vtable6.i.i.i
nil	*global_alloc@_ZTVSt16_Sp_counted_baseILN9__gnu_cxx12_Lock_policyE2EE[0].?/0[2]	nil	<ovington-extra-minimal.cpp>:_ZNSt12__shared_ptrI10FakeLambdaLN9__gnu_cxx12_Lock_policyE2EED2Ev:%vtable.i.i
nil	*global_alloc@_ZTVSt16_Sp_counted_baseILN9__gnu_cxx12_Lock_policyE2EE[0].?/0[2]	nil	<ovington-extra-minimal.cpp>:_ZNSt12__shared_ptrI10FakeLambdaLN9__gnu_cxx12_Lock_policyE2EED2Ev:%vtable6.i.i
nil	*global_alloc@_ZTVSt16_Sp_counted_baseILN9__gnu_cxx12_Lock_policyE2EE[0].?/0[3]	[<ovington-extra-minimal.cpp>:_Z16hardcoded_sharedv:119, nil]	<ovington-extra-minimal.cpp>:_ZNSt16_Sp_counted_baseILN9__gnu_cxx12_Lock_policyE2EE10_M_destroyEv:%vfn
nil	*global_alloc@_ZTVSt16_Sp_counted_baseILN9__gnu_cxx12_Lock_policyE2EE[0].?/0[3]	[<ovington-extra-minimal.cpp>:_ZNSt12__shared_ptrI10FakeLambdaLN9__gnu_cxx12_Lock_policyE2EED2Ev:55, nil]	<ovington-extra-minimal.cpp>:_ZNSt16_Sp_counted_baseILN9__gnu_cxx12_Lock_policyE2EE10_M_destroyEv:%vfn
nil	*global_alloc@_ZTVSt16_Sp_counted_baseILN9__gnu_cxx12_Lock_policyE2EE[0].?/0[4]	nil	<ovington-extra-minimal.cpp>:_Z16hardcoded_sharedv:%vfn.i.i.i
nil	*global_alloc@_ZTVSt16_Sp_counted_baseILN9__gnu_cxx12_Lock_policyE2EE[0].?/0[4]	nil	<ovington-extra-minimal.cpp>:_ZNSt12__shared_ptrI10FakeLambdaLN9__gnu_cxx12_Lock_policyE2EED2Ev:%vfn.i.i
nil	*global_alloc@_ZTVSt16_Sp_counted_baseILN9__gnu_cxx12_Lock_policyE2EE[0].?/0[5]	nil	<ovington-extra-minimal.cpp>:_Z16hardcoded_sharedv:%vfn7.i.i.i
nil	*global_alloc@_ZTVSt16_Sp_counted_baseILN9__gnu_cxx12_Lock_policyE2EE[0].?/0[5]	nil	<ovington-extra-minimal.cpp>:_ZNSt12__shared_ptrI10FakeLambdaLN9__gnu_cxx12_Lock_policyE2EED2Ev:%vfn7.i.i
nil	*global_alloc@_ZTVSt23_Sp_counted_ptr_inplaceI10FakeLambdaSaIS0_ELN9__gnu_cxx12_Lock_policyE2EE[0].?/0[2]	[<ovington-extra-minimal.cpp>:_Z16hardcoded_sharedv:119, nil]	<ovington-extra-minimal.cpp>:_ZNSt16_Sp_counted_baseILN9__gnu_cxx12_Lock_policyE2EE10_M_destroyEv:%vtable
nil	*global_alloc@_ZTVSt23_Sp_counted_ptr_inplaceI10FakeLambdaSaIS0_ELN9__gnu_cxx12_Lock_policyE2EE[0].?/0[2]	[<ovington-extra-minimal.cpp>:_ZNSt12__shared_ptrI10FakeLambdaLN9__gnu_cxx12_Lock_policyE2EED2Ev:55, nil]	<ovington-extra-minimal.cpp>:_ZNSt16_Sp_counted_baseILN9__gnu_cxx12_Lock_policyE2EE10_M_destroyEv:%vtable
nil	*global_alloc@_ZTVSt23_Sp_counted_ptr_inplaceI10FakeLambdaSaIS0_ELN9__gnu_cxx12_Lock_policyE2EE[0].?/0[2]	nil	<ovington-extra-minimal.cpp>:_Z16hardcoded_sharedv:%vtable.i.i.i
nil	*global_alloc@_ZTVSt23_Sp_counted_ptr_inplaceI10FakeLambdaSaIS0_ELN9__gnu_cxx12_Lock_policyE2EE[0].?/0[2]	nil	<ovington-extra-minimal.cpp>:_Z16hardcoded_sharedv:%vtable6.i.i.i
nil	*global_alloc@_ZTVSt23_Sp_counted_ptr_inplaceI10FakeLambdaSaIS0_ELN9__gnu_cxx12_Lock_policyE2EE[0].?/0[2]	nil	<ovington-extra-minimal.cpp>:_ZNSt12__shared_ptrI10FakeLambdaLN9__gnu_cxx12_Lock_policyE2EED2Ev:%vtable.i.i
nil	*global_alloc@_ZTVSt23_Sp_counted_ptr_inplaceI10FakeLambdaSaIS0_ELN9__gnu_cxx12_Lock_policyE2EE[0].?/0[2]	nil	<ovington-extra-minimal.cpp>:_ZNSt12__shared_ptrI10FakeLambdaLN9__gnu_cxx12_Lock_policyE2EED2Ev:%vtable6.i.i
nil	*global_alloc@_ZTVSt23_Sp_counted_ptr_inplaceI10FakeLambdaSaIS0_ELN9__gnu_cxx12_Lock_policyE2EE[0].?/0[3]	[<ovington-extra-minimal.cpp>:_Z16hardcoded_sharedv:119, nil]	<ovington-extra-minimal.cpp>:_ZNSt16_Sp_counted_baseILN9__gnu_cxx12_Lock_policyE2EE10_M_destroyEv:%vfn
nil	*global_alloc@_ZTVSt23_Sp_counted_ptr_inplaceI10FakeLambdaSaIS0_ELN9__gnu_cxx12_Lock_policyE2EE[0].?/0[3]	[<ovington-extra-minimal.cpp>:_ZNSt12__shared_ptrI10FakeLambdaLN9__gnu_cxx12_Lock_policyE2EED2Ev:55, nil]	<ovington-extra-minimal.cpp>:_ZNSt16_Sp_counted_baseILN9__gnu_cxx12_Lock_policyE2EE10_M_destroyEv:%vfn
nil	*global_alloc@_ZTVSt23_Sp_counted_ptr_inplaceI10FakeLambdaSaIS0_ELN9__gnu_cxx12_Lock_policyE2EE[0].?/0[4]	nil	<ovington-extra-minimal.cpp>:_Z16hardcoded_sharedv:%vfn.i.i.i
nil	*global_alloc@_ZTVSt23_Sp_counted_ptr_inplaceI10FakeLambdaSaIS0_ELN9__gnu_cxx12_Lock_policyE2EE[0].?/0[4]	nil	<ovington-extra-minimal.cpp>:_ZNSt12__shared_ptrI10FakeLambdaLN9__gnu_cxx12_Lock_policyE2EED2Ev:%vfn.i.i
nil	*global_alloc@_ZTVSt23_Sp_counted_ptr_inplaceI10FakeLambdaSaIS0_ELN9__gnu_cxx12_Lock_policyE2EE[0].?/0[5]	nil	<ovington-extra-minimal.cpp>:_Z16hardcoded_sharedv:%vfn7.i.i.i
nil	*global_alloc@_ZTVSt23_Sp_counted_ptr_inplaceI10FakeLambdaSaIS0_ELN9__gnu_cxx12_Lock_policyE2EE[0].?/0[5]	nil	<ovington-extra-minimal.cpp>:_ZNSt12__shared_ptrI10FakeLambdaLN9__gnu_cxx12_Lock_policyE2EED2Ev:%vfn7.i.i
nil	*global_alloc@__cxa_pure_virtual	nil	<ovington-extra-minimal.cpp>:_Z16hardcoded_sharedv:%14
nil	*global_alloc@__cxa_pure_virtual	nil	<ovington-extra-minimal.cpp>:_ZNSt12__shared_ptrI10FakeLambdaLN9__gnu_cxx12_Lock_policyE2EED2Ev:%5
nil	*heap_alloc@_Z16hardcoded_sharedv[i8* %call5.i.i.i21.i.i.i.i2.i]	[<ovington-extra-minimal.cpp>:_Z16hardcoded_sharedv:119, nil]	<ovington-extra-minimal.cpp>:_ZNSt16_Sp_counted_baseILN9__gnu_cxx12_Lock_policyE2EE10_M_destroyEv:%0
nil	*heap_alloc@_Z16hardcoded_sharedv[i8* %call5.i.i.i21.i.i.i.i2.i]	[<ovington-extra-minimal.cpp>:_Z16hardcoded_sharedv:119, nil]	<ovington-extra-minimal.cpp>:_ZNSt16_Sp_counted_baseILN9__gnu_cxx12_Lock_policyE2EE10_M_destroyEv:%this
nil	*heap_alloc@_Z16hardcoded_sharedv[i8* %call5.i.i.i21.i.i.i.i2.i]	[<ovington-extra-minimal.cpp>:_Z16hardcoded_sharedv:119, nil]	<ovington-extra-minimal.cpp>:_ZNSt23_Sp_counted_ptr_inplaceI10FakeLambdaSaIS0_ELN9__gnu_cxx12_Lock_policyE2EE10_M_destroyEv:%0
nil	*heap_alloc@_Z16hardcoded_sharedv[i8* %call5.i.i.i21.i.i.i.i2.i]	[<ovington-extra-minimal.cpp>:_Z16hardcoded_sharedv:119, nil]	<ovington-extra-minimal.cpp>:_ZNSt23_Sp_counted_ptr_inplaceI10FakeLambdaSaIS0_ELN9__gnu_cxx12_Lock_policyE2EE10_M_destroyEv:%this
nil	*heap_alloc@_Z16hardcoded_sharedv[i8* %call5.i.i.i21.i.i.i.i2.i]	[<ovington-extra-minimal.cpp>:_Z16hardcoded_sharedv:95, nil]	<ovington-extra-minimal.cpp>:_ZNSt23_Sp_counted_ptr_inplaceI10FakeLambdaSaIS0_ELN9__gnu_cxx12_Lock_policyE2EE10_M_disposeEv:%this
nil	*heap_alloc@_Z16hardcoded_sharedv[i8* %call5.i.i.i21.i.i.i.i2.i]	[<ovington-extra-minimal.cpp>:_ZNSt12__shared_ptrI10FakeLambdaLN9__gnu_cxx12_Lock_policyE2EED2Ev:31, nil]	<ovington-extra-minimal.cpp>:_ZNSt23_Sp_counted_ptr_inplaceI10FakeLambdaSaIS0_ELN9__gnu_cxx12_Lock_policyE2EE10_M_disposeEv:%this
nil	*heap_alloc@_Z16hardcoded_sharedv[i8* %call5.i.i.i21.i.i.i.i2.i]	[<ovington-extra-minimal.cpp>:_ZNSt12__shared_ptrI10FakeLambdaLN9__gnu_cxx12_Lock_policyE2EED2Ev:55, nil]	<ovington-extra-minimal.cpp>:_ZNSt16_Sp_counted_baseILN9__gnu_cxx12_Lock_policyE2EE10_M_destroyEv:%0
nil	*heap_alloc@_Z16hardcoded_sharedv[i8* %call5.i.i.i21.i.i.i.i2.i]	[<ovington-extra-minimal.cpp>:_ZNSt12__shared_ptrI10FakeLambdaLN9__gnu_cxx12_Lock_policyE2EED2Ev:55, nil]	<ovington-extra-minimal.cpp>:_ZNSt16_Sp_counted_baseILN9__gnu_cxx12_Lock_policyE2EE10_M_destroyEv:%this
nil	*heap_alloc@_Z16hardcoded_sharedv[i8* %call5.i.i.i21.i.i.i.i2.i]	[<ovington-extra-minimal.cpp>:_ZNSt12__shared_ptrI10FakeLambdaLN9__gnu_cxx12_Lock_policyE2EED2Ev:55, nil]	<ovington-extra-minimal.cpp>:_ZNSt23_Sp_counted_ptr_inplaceI10FakeLambdaSaIS0_ELN9__gnu_cxx12_Lock_policyE2EE10_M_destroyEv:%0
nil	*heap_alloc@_Z16hardcoded_sharedv[i8* %call5.i.i.i21.i.i.i.i2.i]	[<ovington-extra-minimal.cpp>:_ZNSt12__shared_ptrI10FakeLambdaLN9__gnu_cxx12_Lock_policyE2EED2Ev:55, nil]	<ovington-extra-minimal.cpp>:_ZNSt23_Sp_counted_ptr_inplaceI10FakeLambdaSaIS0_ELN9__gnu_cxx12_Lock_policyE2EE10_M_destroyEv:%this
nil	*heap_alloc@_Z16hardcoded_sharedv[i8* %call5.i.i.i21.i.i.i.i2.i]	[<ovington-extra-minimal.cpp>:_ZNSt16_Sp_counted_baseILN9__gnu_cxx12_Lock_policyE2EE10_M_destroyEv:5, nil]	<ovington-extra-minimal.cpp>:_ZNSt16_Sp_counted_baseILN9__gnu_cxx12_Lock_policyE2EED0Ev:%this
nil	*heap_alloc@_Z16hardcoded_sharedv[i8* %call5.i.i.i21.i.i.i.i2.i]	[<ovington-extra-minimal.cpp>:_ZNSt16_Sp_counted_baseILN9__gnu_cxx12_Lock_policyE2EE10_M_destroyEv:5, nil]	<ovington-extra-minimal.cpp>:_ZNSt23_Sp_counted_ptr_inplaceI10FakeLambdaSaIS0_ELN9__gnu_cxx12_Lock_policyE2EED0Ev:%0
nil	*heap_alloc@_Z16hardcoded_sharedv[i8* %call5.i.i.i21.i.i.i.i2.i]	[<ovington-extra-minimal.cpp>:_ZNSt16_Sp_counted_baseILN9__gnu_cxx12_Lock_policyE2EE10_M_destroyEv:5, nil]	<ovington-extra-minimal.cpp>:_ZNSt23_Sp_counted_ptr_inplaceI10FakeLambdaSaIS0_ELN9__gnu_cxx12_Lock_policyE2EED0Ev:%this
nil	*heap_alloc@_Z16hardcoded_sharedv[i8* %call5.i.i.i21.i.i.i.i2.i]	nil	<ovington-extra-minimal.cpp>:_Z16hardcoded_sharedv:%1
nil	*heap_alloc@_Z16hardcoded_sharedv[i8* %call5.i.i.i21.i.i.i.i2.i]	nil	<ovington-extra-minimal.cpp>:_Z16hardcoded_sharedv:%13
nil	*heap_alloc@_Z16hardcoded_sharedv[i8* %call5.i.i.i21.i.i.i.i2.i]	nil	<ovington-extra-minimal.cpp>:_Z16hardcoded_sharedv:%9
nil	*heap_alloc@_Z16hardcoded_sharedv[i8* %call5.i.i.i21.i.i.i.i2.i]	nil	<ovington-extra-minimal.cpp>:_Z16hardcoded_sharedv:%call5.i.i.i21.i.i.i.i2.i
nil	*heap_alloc@_Z16hardcoded_sharedv[i8* %call5.i.i.i21.i.i.i.i2.i]	nil	<ovington-extra-minimal.cpp>:_ZNSt12__shared_ptrI10FakeLambdaLN9__gnu_cxx12_Lock_policyE2EED2Ev:%0
nil	*heap_alloc@_Z16hardcoded_sharedv[i8* %call5.i.i.i21.i.i.i.i2.i]	nil	<ovington-extra-minimal.cpp>:_ZNSt12__shared_ptrI10FakeLambdaLN9__gnu_cxx12_Lock_policyE2EED2Ev:%4
nil	*heap_alloc@_Z16hardcoded_sharedv[i8* %call5.i.i.i21.i.i.i.i2.i][0]	[<ovington-extra-minimal.cpp>:_Z16hardcoded_sharedv:119, nil]	<ovington-extra-minimal.cpp>:_ZNSt16_Sp_counted_baseILN9__gnu_cxx12_Lock_policyE2EE10_M_destroyEv:%0
nil	*heap_alloc@_Z16hardcoded_sharedv[i8* %call5.i.i.i21.i.i.i.i2.i][0]	[<ovington-extra-minimal.cpp>:_Z16hardcoded_sharedv:119, nil]	<ovington-extra-minimal.cpp>:_ZNSt16_Sp_counted_baseILN9__gnu_cxx12_Lock_policyE2EE10_M_destroyEv:%this
nil	*heap_alloc@_Z16hardcoded_sharedv[i8* %call5.i.i.i21.i.i.i.i2.i][0]	[<ovington-extra-minimal.cpp>:_Z16hardcoded_sharedv:119, nil]	<ovington-extra-minimal.cpp>:_ZNSt23_Sp_counted_ptr_inplaceI10FakeLambdaSaIS0_ELN9__gnu_cxx12_Lock_policyE2EE10_M_destroyEv:%0
nil	*heap_alloc@_Z16hardcoded_sharedv[i8* %call5.i.i.i21.i.i.i.i2.i][0]	[<ovington-extra-minimal.cpp>:_Z16hardcoded_sharedv:119, nil]	<ovington-extra-minimal.cpp>:_ZNSt23_Sp_counted_ptr_inplaceI10FakeLambdaSaIS0_ELN9__gnu_cxx12_Lock_policyE2EE10_M_destroyEv:%this
nil	*heap_alloc@_Z16hardcoded_sharedv[i8* %call5.i.i.i21.i.i.i.i2.i][0]	[<ovington-extra-minimal.cpp>:_Z16hardcoded_sharedv:95, nil]	<ovington-extra-minimal.cpp>:_ZNSt23_Sp_counted_ptr_inplaceI10FakeLambdaSaIS0_ELN9__gnu_cxx12_Lock_policyE2EE10_M_disposeEv:%this
nil	*heap_alloc@_Z16hardcoded_sharedv[i8* %call5.i.i.i21.i.i.i.i2.i][0]	[<ovington-extra-minimal.cpp>:_ZNSt12__shared_ptrI10FakeLambdaLN9__gnu_cxx12_Lock_policyE2EED2Ev:31, nil]	<ovington-extra-minimal.cpp>:_ZNSt23_Sp_counted_ptr_inplaceI10FakeLambdaSaIS0_ELN9__gnu_cxx12_Lock_policyE2EE10_M_disposeEv:%this
nil	*heap_alloc@_Z16hardcoded_sharedv[i8* %call5.i.i.i21.i.i.i.i2.i][0]	[<ovington-extra-minimal.cpp>:_ZNSt12__shared_ptrI10FakeLambdaLN9__gnu_cxx12_Lock_policyE2EED2Ev:55, nil]	<ovington-extra-minimal.cpp>:_ZNSt16_Sp_counted_baseILN9__gnu_cxx12_Lock_policyE2EE10_M_destroyEv:%0
nil	*heap_alloc@_Z16hardcoded_sharedv[i8* %call5.i.i.i21.i.i.i.i2.i][0]	[<ovington-extra-minimal.cpp>:_ZNSt12__shared_ptrI10FakeLambdaLN9__gnu_cxx12_Lock_policyE2EED2Ev:55, nil]	<ovington-extra-minimal.cpp>:_ZNSt16_Sp_counted_baseILN9__gnu_cxx12_Lock_policyE2EE10_M_destroyEv:%this
nil	*heap_alloc@_Z16hardcoded_sharedv[i8* %call5.i.i.i21.i.i.i.i2.i][0]	[<ovington-extra-minimal.cpp>:_ZNSt12__shared_ptrI10FakeLambdaLN9__gnu_cxx12_Lock_policyE2EED2Ev:55, nil]	<ovington-extra-minimal.cpp>:_ZNSt23_Sp_counted_ptr_inplaceI10FakeLambdaSaIS0_ELN9__gnu_cxx12_Lock_policyE2EE10_M_destroyEv:%0
nil	*heap_alloc@_Z16hardcoded_sharedv[i8* %call5.i.i.i21.i.i.i.i2.i][0]	[<ovington-extra-minimal.cpp>:_ZNSt12__shared_ptrI10FakeLambdaLN9__gnu_cxx12_Lock_policyE2EED2Ev:55, nil]	<ovington-extra-minimal.cpp>:_ZNSt23_Sp_counted_ptr_inplaceI10FakeLambdaSaIS0_ELN9__gnu_cxx12_Lock_policyE2EE10_M_destroyEv:%this
nil	*heap_alloc@_Z16hardcoded_sharedv[i8* %call5.i.i.i21.i.i.i.i2.i][0]	[<ovington-extra-minimal.cpp>:_ZNSt16_Sp_counted_baseILN9__gnu_cxx12_Lock_policyE2EE10_M_destroyEv:5, nil]	<ovington-extra-minimal.cpp>:_ZNSt16_Sp_counted_baseILN9__gnu_cxx12_Lock_policyE2EED0Ev:%this
nil	*heap_alloc@_Z16hardcoded_sharedv[i8* %call5.i.i.i21.i.i.i.i2.i][0]	[<ovington-extra-minimal.cpp>:_ZNSt16_Sp_counted_baseILN9__gnu_cxx12_Lock_policyE2EE10_M_destroyEv:5, nil]	<ovington-extra-minimal.cpp>:_ZNSt23_Sp_counted_ptr_inplaceI10FakeLambdaSaIS0_ELN9__gnu_cxx12_Lock_policyE2EED0Ev:%0
nil	*heap_alloc@_Z16hardcoded_sharedv[i8* %call5.i.i.i21.i.i.i.i2.i][0]	[<ovington-extra-minimal.cpp>:_ZNSt16_Sp_counted_baseILN9__gnu_cxx12_Lock_policyE2EE10_M_destroyEv:5, nil]	<ovington-extra-minimal.cpp>:_ZNSt23_Sp_counted_ptr_inplaceI10FakeLambdaSaIS0_ELN9__gnu_cxx12_Lock_policyE2EED0Ev:%this
nil	*heap_alloc@_Z16hardcoded_sharedv[i8* %call5.i.i.i21.i.i.i.i2.i][0]	nil	<ovington-extra-minimal.cpp>:_Z16hardcoded_sharedv:%13
nil	*heap_alloc@_Z16hardcoded_sharedv[i8* %call5.i.i.i21.i.i.i.i2.i][0]	nil	<ovington-extra-minimal.cpp>:_Z16hardcoded_sharedv:%9
nil	*heap_alloc@_Z16hardcoded_sharedv[i8* %call5.i.i.i21.i.i.i.i2.i][0]	nil	<ovington-extra-minimal.cpp>:_ZNSt12__shared_ptrI10FakeLambdaLN9__gnu_cxx12_Lock_policyE2EED2Ev:%0
nil	*heap_alloc@_Z16hardcoded_sharedv[i8* %call5.i.i.i21.i.i.i.i2.i][0]	nil	<ovington-extra-minimal.cpp>:_ZNSt12__shared_ptrI10FakeLambdaLN9__gnu_cxx12_Lock_policyE2EED2Ev:%4
nil	*heap_alloc@_Z16hardcoded_sharedv[i8* %call5.i.i.i21.i.i.i.i2.i][12]	nil	<ovington-extra-minimal.cpp>:_Z16hardcoded_sharedv:%3
nil	*heap_alloc@_Z16hardcoded_sharedv[i8* %call5.i.i.i21.i.i.i.i2.i][12]	nil	<ovington-extra-minimal.cpp>:_Z16hardcoded_sharedv:%_M_weak_count.i.i.i.i.i.i.i
nil	*heap_alloc@_Z16hardcoded_sharedv[i8* %call5.i.i.i21.i.i.i.i2.i][16]	[<ovington-extra-minimal.cpp>:_Z16hardcoded_sharedv:63, nil]	<ovington-extra-minimal.cpp>:_ZNK10FakeLambda7inspectEv:%this
nil	*heap_alloc@_Z16hardcoded_sharedv[i8* %call5.i.i.i21.i.i.i.i2.i][16]	[<ovington-extra-minimal.cpp>:_Z16hardcoded_sharedv:63, nil]	<ovington-extra-minimal.cpp>:_ZNK10FakeLambda7inspectEv:%this1
nil	*heap_alloc@_Z16hardcoded_sharedv[i8* %call5.i.i.i21.i.i.i.i2.i][16]	nil	<ovington-extra-minimal.cpp>:_Z16hardcoded_sharedv:%.cast
nil	*heap_alloc@_Z16hardcoded_sharedv[i8* %call5.i.i.i21.i.i.i.i2.i][16]	nil	<ovington-extra-minimal.cpp>:_Z16hardcoded_sharedv:%4
nil	*heap_alloc@_Z16hardcoded_sharedv[i8* %call5.i.i.i21.i.i.i.i2.i][16]	nil	<ovington-extra-minimal.cpp>:_Z16hardcoded_sharedv:%7
nil	*heap_alloc@_Z16hardcoded_sharedv[i8* %call5.i.i.i21.i.i.i.i2.i][16]	nil	<ovington-extra-minimal.cpp>:_Z16hardcoded_sharedv:%_M_storage.i.i.i.i.i.i.i
nil	*heap_alloc@_Z16hardcoded_sharedv[i8* %call5.i.i.i21.i.i.i.i2.i][8]	nil	<ovington-extra-minimal.cpp>:_Z16hardcoded_sharedv:%2
nil	*heap_alloc@_Z16hardcoded_sharedv[i8* %call5.i.i.i21.i.i.i.i2.i][8]	nil	<ovington-extra-minimal.cpp>:_Z16hardcoded_sharedv:%_M_use_count.i.i.i.i.i.i.i
nil	*stack_alloc@_Z16hardcoded_sharedv[%"class.std::shared_ptr"* %mylambda]	nil	<ovington-extra-minimal.cpp>:_Z16hardcoded_sharedv:%0
nil	*stack_alloc@_Z16hardcoded_sharedv[%"class.std::shared_ptr"* %mylambda]	nil	<ovington-extra-minimal.cpp>:_Z16hardcoded_sharedv:%20
nil	*stack_alloc@_Z16hardcoded_sharedv[%"class.std::shared_ptr"* %mylambda]	nil	<ovington-extra-minimal.cpp>:_Z16hardcoded_sharedv:%6
nil	*stack_alloc@_Z16hardcoded_sharedv[%"class.std::shared_ptr"* %mylambda]	nil	<ovington-extra-minimal.cpp>:_Z16hardcoded_sharedv:%_M_ptr.i.i.i.i
nil	*stack_alloc@_Z16hardcoded_sharedv[%"class.std::shared_ptr"* %mylambda]	nil	<ovington-extra-minimal.cpp>:_Z16hardcoded_sharedv:%mylambda
nil	*stack_alloc@_Z16hardcoded_sharedv[%"class.std::shared_ptr"* %mylambda]	nil	<ovington-extra-minimal.cpp>:_ZNSt12__shared_ptrI10FakeLambdaLN9__gnu_cxx12_Lock_policyE2EED2Ev:%this
nil	*stack_alloc@_Z16hardcoded_sharedv[%"class.std::shared_ptr"* %mylambda][0]	nil	<ovington-extra-minimal.cpp>:_Z16hardcoded_sharedv:%20
nil	*stack_alloc@_Z16hardcoded_sharedv[%"class.std::shared_ptr"* %mylambda][0]	nil	<ovington-extra-minimal.cpp>:_Z16hardcoded_sharedv:%_M_ptr.i.i.i.i
nil	*stack_alloc@_Z16hardcoded_sharedv[%"class.std::shared_ptr"* %mylambda][0]	nil	<ovington-extra-minimal.cpp>:_ZNSt12__shared_ptrI10FakeLambdaLN9__gnu_cxx12_Lock_policyE2EED2Ev:%this
nil	*stack_alloc@_Z16hardcoded_sharedv[%"class.std::shared_ptr"* %mylambda][0].?/0	nil	<ovington-extra-minimal.cpp>:_Z16hardcoded_sharedv:%20
nil	*stack_alloc@_Z16hardcoded_sharedv[%"class.std::shared_ptr"* %mylambda][0].?/0	nil	<ovington-extra-minimal.cpp>:_Z16hardcoded_sharedv:%_M_ptr.i.i.i.i
nil	*stack_alloc@_Z16hardcoded_sharedv[%"class.std::shared_ptr"* %mylambda][0].?/0	nil	<ovington-extra-minimal.cpp>:_ZNSt12__shared_ptrI10FakeLambdaLN9__gnu_cxx12_Lock_policyE2EED2Ev:%this
nil	*stack_alloc@_Z16hardcoded_sharedv[%"class.std::shared_ptr"* %mylambda][0].?/0.?/0	nil	<ovington-extra-minimal.cpp>:_Z16hardcoded_sharedv:%_M_ptr.i.i.i.i
nil	*stack_alloc@_Z16hardcoded_sharedv[%"class.std::shared_ptr"* %mylambda][0].?/0.?/1	nil	<ovington-extra-minimal.cpp>:_Z16hardcoded_sharedv:%5
nil	*stack_alloc@_Z16hardcoded_sharedv[%"class.std::shared_ptr"* %mylambda][0].?/0.?/1	nil	<ovington-extra-minimal.cpp>:_Z16hardcoded_sharedv:%_M_pi.i.i
nil	*stack_alloc@_Z16hardcoded_sharedv[%"class.std::shared_ptr"* %mylambda][0].?/0.?/1	nil	<ovington-extra-minimal.cpp>:_Z16hardcoded_sharedv:%_M_refcount.i.i.i.i
nil	*stack_alloc@_Z16hardcoded_sharedv[%"class.std::shared_ptr"* %mylambda][0].?/0.?/1	nil	<ovington-extra-minimal.cpp>:_ZNSt12__shared_ptrI10FakeLambdaLN9__gnu_cxx12_Lock_policyE2EED2Ev:%_M_pi.i
nil	*stack_alloc@_Z16hardcoded_sharedv[%"class.std::shared_ptr"* %mylambda][0].?/0.?/1.?/0	nil	<ovington-extra-minimal.cpp>:_Z16hardcoded_sharedv:%_M_pi.i.i
nil	*stack_alloc@_Z16hardcoded_sharedv[%"class.std::shared_ptr"* %mylambda][0].?/0.?/1.?/0	nil	<ovington-extra-minimal.cpp>:_ZNSt12__shared_ptrI10FakeLambdaLN9__gnu_cxx12_Lock_policyE2EED2Ev:%_M_pi.i
nil	*typed_heap_alloc@_Z16hardcoded_sharedv[i8* %call5.i.i.i21.i.i.i.i2.i]	[<ovington-extra-minimal.cpp>:_Z16hardcoded_sharedv:119, nil]	<ovington-extra-minimal.cpp>:_ZNSt16_Sp_counted_baseILN9__gnu_cxx12_Lock_policyE2EE10_M_destroyEv:%0
nil	*typed_heap_alloc@_Z16hardcoded_sharedv[i8* %call5.i.i.i21.i.i.i.i2.i]	[<ovington-extra-minimal.cpp>:_Z16hardcoded_sharedv:119, nil]	<ovington-extra-minimal.cpp>:_ZNSt16_Sp_counted_baseILN9__gnu_cxx12_Lock_policyE2EE10_M_destroyEv:%this
nil	*typed_heap_alloc@_Z16hardcoded_sharedv[i8* %call5.i.i.i21.i.i.i.i2.i]	[<ovington-extra-minimal.cpp>:_Z16hardcoded_sharedv:119, nil]	<ovington-extra-minimal.cpp>:_ZNSt23_Sp_counted_ptr_inplaceI10FakeLambdaSaIS0_ELN9__gnu_cxx12_Lock_policyE2EE10_M_destroyEv:%0
nil	*typed_heap_alloc@_Z16hardcoded_sharedv[i8* %call5.i.i.i21.i.i.i.i2.i]	[<ovington-extra-minimal.cpp>:_Z16hardcoded_sharedv:119, nil]	<ovington-extra-minimal.cpp>:_ZNSt23_Sp_counted_ptr_inplaceI10FakeLambdaSaIS0_ELN9__gnu_cxx12_Lock_policyE2EE10_M_destroyEv:%this
nil	*typed_heap_alloc@_Z16hardcoded_sharedv[i8* %call5.i.i.i21.i.i.i.i2.i]	[<ovington-extra-minimal.cpp>:_Z16hardcoded_sharedv:95, nil]	<ovington-extra-minimal.cpp>:_ZNSt23_Sp_counted_ptr_inplaceI10FakeLambdaSaIS0_ELN9__gnu_cxx12_Lock_policyE2EE10_M_disposeEv:%this
nil	*typed_heap_alloc@_Z16hardcoded_sharedv[i8* %call5.i.i.i21.i.i.i.i2.i]	[<ovington-extra-minimal.cpp>:_ZNSt12__shared_ptrI10FakeLambdaLN9__gnu_cxx12_Lock_policyE2EED2Ev:31, nil]	<ovington-extra-minimal.cpp>:_ZNSt23_Sp_counted_ptr_inplaceI10FakeLambdaSaIS0_ELN9__gnu_cxx12_Lock_policyE2EE10_M_disposeEv:%this
nil	*typed_heap_alloc@_Z16hardcoded_sharedv[i8* %call5.i.i.i21.i.i.i.i2.i]	[<ovington-extra-minimal.cpp>:_ZNSt12__shared_ptrI10FakeLambdaLN9__gnu_cxx12_Lock_policyE2EED2Ev:55, nil]	<ovington-extra-minimal.cpp>:_ZNSt16_Sp_counted_baseILN9__gnu_cxx12_Lock_policyE2EE10_M_destroyEv:%0
nil	*typed_heap_alloc@_Z16hardcoded_sharedv[i8* %call5.i.i.i21.i.i.i.i2.i]	[<ovington-extra-minimal.cpp>:_ZNSt12__shared_ptrI10FakeLambdaLN9__gnu_cxx12_Lock_policyE2EED2Ev:55, nil]	<ovington-extra-minimal.cpp>:_ZNSt16_Sp_counted_baseILN9__gnu_cxx12_Lock_policyE2EE10_M_destroyEv:%this
nil	*typed_heap_alloc@_Z16hardcoded_sharedv[i8* %call5.i.i.i21.i.i.i.i2.i]	[<ovington-extra-minimal.cpp>:_ZNSt12__shared_ptrI10FakeLambdaLN9__gnu_cxx12_Lock_policyE2EED2Ev:55, nil]	<ovington-extra-minimal.cpp>:_ZNSt23_Sp_counted_ptr_inplaceI10FakeLambdaSaIS0_ELN9__gnu_cxx12_Lock_policyE2EE10_M_destroyEv:%0
nil	*typed_heap_alloc@_Z16hardcoded_sharedv[i8* %call5.i.i.i21.i.i.i.i2.i]	[<ovington-extra-minimal.cpp>:_ZNSt12__shared_ptrI10FakeLambdaLN9__gnu_cxx12_Lock_policyE2EED2Ev:55, nil]	<ovington-extra-minimal.cpp>:_ZNSt23_Sp_counted_ptr_inplaceI10FakeLambdaSaIS0_ELN9__gnu_cxx12_Lock_policyE2EE10_M_destroyEv:%this
nil	*typed_heap_alloc@_Z16hardcoded_sharedv[i8* %call5.i.i.i21.i.i.i.i2.i]	[<ovington-extra-minimal.cpp>:_ZNSt16_Sp_counted_baseILN9__gnu_cxx12_Lock_policyE2EE10_M_destroyEv:5, nil]	<ovington-extra-minimal.cpp>:_ZNSt16_Sp_counted_baseILN9__gnu_cxx12_Lock_policyE2EED0Ev:%this
nil	*typed_heap_alloc@_Z16hardcoded_sharedv[i8* %call5.i.i.i21.i.i.i.i2.i]	[<ovington-extra-minimal.cpp>:_ZNSt16_Sp_counted_baseILN9__gnu_cxx12_Lock_policyE2EE10_M_destroyEv:5, nil]	<ovington-extra-minimal.cpp>:_ZNSt23_Sp_counted_ptr_inplaceI10FakeLambdaSaIS0_ELN9__gnu_cxx12_Lock_policyE2EED0Ev:%0
nil	*typed_heap_alloc@_Z16hardcoded_sharedv[i8* %call5.i.i.i21.i.i.i.i2.i]	[<ovington-extra-minimal.cpp>:_ZNSt16_Sp_counted_baseILN9__gnu_cxx12_Lock_policyE2EE10_M_destroyEv:5, nil]	<ovington-extra-minimal.cpp>:_ZNSt23_Sp_counted_ptr_inplaceI10FakeLambdaSaIS0_ELN9__gnu_cxx12_Lock_policyE2EED0Ev:%this
nil	*typed_heap_alloc@_Z16hardcoded_sharedv[i8* %call5.i.i.i21.i.i.i.i2.i]	nil	<ovington-extra-minimal.cpp>:_Z16hardcoded_sharedv:%1
nil	*typed_heap_alloc@_Z16hardcoded_sharedv[i8* %call5.i.i.i21.i.i.i.i2.i]	nil	<ovington-extra-minimal.cpp>:_Z16hardcoded_sharedv:%13
nil	*typed_heap_alloc@_Z16hardcoded_sharedv[i8* %call5.i.i.i21.i.i.i.i2.i]	nil	<ovington-extra-minimal.cpp>:_Z16hardcoded_sharedv:%9
nil	*typed_heap_alloc@_Z16hardcoded_sharedv[i8* %call5.i.i.i21.i.i.i.i2.i]	nil	<ovington-extra-minimal.cpp>:_Z16hardcoded_sharedv:%call5.i.i.i21.i.i.i.i2.i
nil	*typed_heap_alloc@_Z16hardcoded_sharedv[i8* %call5.i.i.i21.i.i.i.i2.i]	nil	<ovington-extra-minimal.cpp>:_ZNSt12__shared_ptrI10FakeLambdaLN9__gnu_cxx12_Lock_policyE2EED2Ev:%0
nil	*typed_heap_alloc@_Z16hardcoded_sharedv[i8* %call5.i.i.i21.i.i.i.i2.i]	nil	<ovington-extra-minimal.cpp>:_ZNSt12__shared_ptrI10FakeLambdaLN9__gnu_cxx12_Lock_policyE2EED2Ev:%4
nil	*typed_heap_alloc@_Z16hardcoded_sharedv[i8* %call5.i.i.i21.i.i.i.i2.i][0]	[<ovington-extra-minimal.cpp>:_Z16hardcoded_sharedv:119, nil]	<ovington-extra-minimal.cpp>:_ZNSt16_Sp_counted_baseILN9__gnu_cxx12_Lock_policyE2EE10_M_destroyEv:%0
nil	*typed_heap_alloc@_Z16hardcoded_sharedv[i8* %call5.i.i.i21.i.i.i.i2.i][0]	[<ovington-extra-minimal.cpp>:_Z16hardcoded_sharedv:119, nil]	<ovington-extra-minimal.cpp>:_ZNSt16_Sp_counted_baseILN9__gnu_cxx12_Lock_policyE2EE10_M_destroyEv:%this
nil	*typed_heap_alloc@_Z16hardcoded_sharedv[i8* %call5.i.i.i21.i.i.i.i2.i][0]	[<ovington-extra-minimal.cpp>:_Z16hardcoded_sharedv:119, nil]	<ovington-extra-minimal.cpp>:_ZNSt23_Sp_counted_ptr_inplaceI10FakeLambdaSaIS0_ELN9__gnu_cxx12_Lock_policyE2EE10_M_destroyEv:%0
nil	*typed_heap_alloc@_Z16hardcoded_sharedv[i8* %call5.i.i.i21.i.i.i.i2.i][0]	[<ovington-extra-minimal.cpp>:_Z16hardcoded_sharedv:119, nil]	<ovington-extra-minimal.cpp>:_ZNSt23_Sp_counted_ptr_inplaceI10FakeLambdaSaIS0_ELN9__gnu_cxx12_Lock_policyE2EE10_M_destroyEv:%this
nil	*typed_heap_alloc@_Z16hardcoded_sharedv[i8* %call5.i.i.i21.i.i.i.i2.i][0]	[<ovington-extra-minimal.cpp>:_Z16hardcoded_sharedv:95, nil]	<ovington-extra-minimal.cpp>:_ZNSt23_Sp_counted_ptr_inplaceI10FakeLambdaSaIS0_ELN9__gnu_cxx12_Lock_policyE2EE10_M_disposeEv:%this
nil	*typed_heap_alloc@_Z16hardcoded_sharedv[i8* %call5.i.i.i21.i.i.i.i2.i][0]	[<ovington-extra-minimal.cpp>:_ZNSt12__shared_ptrI10FakeLambdaLN9__gnu_cxx12_Lock_policyE2EED2Ev:31, nil]	<ovington-extra-minimal.cpp>:_ZNSt23_Sp_counted_ptr_inplaceI10FakeLambdaSaIS0_ELN9__gnu_cxx12_Lock_policyE2EE10_M_disposeEv:%this
nil	*typed_heap_alloc@_Z16hardcoded_sharedv[i8* %call5.i.i.i21.i.i.i.i2.i][0]	[<ovington-extra-minimal.cpp>:_ZNSt12__shared_ptrI10FakeLambdaLN9__gnu_cxx12_Lock_policyE2EED2Ev:55, nil]	<ovington-extra-minimal.cpp>:_ZNSt16_Sp_counted_baseILN9__gnu_cxx12_Lock_policyE2EE10_M_destroyEv:%0
nil	*typed_heap_alloc@_Z16hardcoded_sharedv[i8* %call5.i.i.i21.i.i.i.i2.i][0]	[<ovington-extra-minimal.cpp>:_ZNSt12__shared_ptrI10FakeLambdaLN9__gnu_cxx12_Lock_policyE2EED2Ev:55, nil]	<ovington-extra-minimal.cpp>:_ZNSt16_Sp_counted_baseILN9__gnu_cxx12_Lock_policyE2EE10_M_destroyEv:%this
nil	*typed_heap_alloc@_Z16hardcoded_sharedv[i8* %call5.i.i.i21.i.i.i.i2.i][0]	[<ovington-extra-minimal.cpp>:_ZNSt12__shared_ptrI10FakeLambdaLN9__gnu_cxx12_Lock_policyE2EED2Ev:55, nil]	<ovington-extra-minimal.cpp>:_ZNSt23_Sp_counted_ptr_inplaceI10FakeLambdaSaIS0_ELN9__gnu_cxx12_Lock_policyE2EE10_M_destroyEv:%0
nil	*typed_heap_alloc@_Z16hardcoded_sharedv[i8* %call5.i.i.i21.i.i.i.i2.i][0]	[<ovington-extra-minimal.cpp>:_ZNSt12__shared_ptrI10FakeLambdaLN9__gnu_cxx12_Lock_policyE2EED2Ev:55, nil]	<ovington-extra-minimal.cpp>:_ZNSt23_Sp_counted_ptr_inplaceI10FakeLambdaSaIS0_ELN9__gnu_cxx12_Lock_policyE2EE10_M_destroyEv:%this
nil	*typed_heap_alloc@_Z16hardcoded_sharedv[i8* %call5.i.i.i21.i.i.i.i2.i][0]	[<ovington-extra-minimal.cpp>:_ZNSt16_Sp_counted_baseILN9__gnu_cxx12_Lock_policyE2EE10_M_destroyEv:5, nil]	<ovington-extra-minimal.cpp>:_ZNSt16_Sp_counted_baseILN9__gnu_cxx12_Lock_policyE2EED0Ev:%this
nil	*typed_heap_alloc@_Z16hardcoded_sharedv[i8* %call5.i.i.i21.i.i.i.i2.i][0]	[<ovington-extra-minimal.cpp>:_ZNSt16_Sp_counted_baseILN9__gnu_cxx12_Lock_policyE2EE10_M_destroyEv:5, nil]	<ovington-extra-minimal.cpp>:_ZNSt23_Sp_counted_ptr_inplaceI10FakeLambdaSaIS0_ELN9__gnu_cxx12_Lock_policyE2EED0Ev:%0
nil	*typed_heap_alloc@_Z16hardcoded_sharedv[i8* %call5.i.i.i21.i.i.i.i2.i][0]	[<ovington-extra-minimal.cpp>:_ZNSt16_Sp_counted_baseILN9__gnu_cxx12_Lock_policyE2EE10_M_destroyEv:5, nil]	<ovington-extra-minimal.cpp>:_ZNSt23_Sp_counted_ptr_inplaceI10FakeLambdaSaIS0_ELN9__gnu_cxx12_Lock_policyE2EED0Ev:%this
nil	*typed_heap_alloc@_Z16hardcoded_sharedv[i8* %call5.i.i.i21.i.i.i.i2.i][0]	nil	<ovington-extra-minimal.cpp>:_Z16hardcoded_sharedv:%13
nil	*typed_heap_alloc@_Z16hardcoded_sharedv[i8* %call5.i.i.i21.i.i.i.i2.i][0]	nil	<ovington-extra-minimal.cpp>:_Z16hardcoded_sharedv:%9
nil	*typed_heap_alloc@_Z16hardcoded_sharedv[i8* %call5.i.i.i21.i.i.i.i2.i][0]	nil	<ovington-extra-minimal.cpp>:_ZNSt12__shared_ptrI10FakeLambdaLN9__gnu_cxx12_Lock_policyE2EED2Ev:%0
nil	*typed_heap_alloc@_Z16hardcoded_sharedv[i8* %call5.i.i.i21.i.i.i.i2.i][0]	nil	<ovington-extra-minimal.cpp>:_ZNSt12__shared_ptrI10FakeLambdaLN9__gnu_cxx12_Lock_policyE2EED2Ev:%4
nil	*typed_heap_alloc@_Z16hardcoded_sharedv[i8* %call5.i.i.i21.i.i.i.i2.i][12]	nil	<ovington-extra-minimal.cpp>:_Z16hardcoded_sharedv:%3
nil	*typed_heap_alloc@_Z16hardcoded_sharedv[i8* %call5.i.i.i21.i.i.i.i2.i][12]	nil	<ovington-extra-minimal.cpp>:_Z16hardcoded_sharedv:%_M_weak_count.i.i.i.i.i.i.i
nil	*typed_heap_alloc@_Z16hardcoded_sharedv[i8* %call5.i.i.i21.i.i.i.i2.i][16]	[<ovington-extra-minimal.cpp>:_Z16hardcoded_sharedv:63, nil]	<ovington-extra-minimal.cpp>:_ZNK10FakeLambda7inspectEv:%this
nil	*typed_heap_alloc@_Z16hardcoded_sharedv[i8* %call5.i.i.i21.i.i.i.i2.i][16]	[<ovington-extra-minimal.cpp>:_Z16hardcoded_sharedv:63, nil]	<ovington-extra-minimal.cpp>:_ZNK10FakeLambda7inspectEv:%this1
nil	*typed_heap_alloc@_Z16hardcoded_sharedv[i8* %call5.i.i.i21.i.i.i.i2.i][16]	nil	<ovington-extra-minimal.cpp>:_Z16hardcoded_sharedv:%.cast
nil	*typed_heap_alloc@_Z16hardcoded_sharedv[i8* %call5.i.i.i21.i.i.i.i2.i][16]	nil	<ovington-extra-minimal.cpp>:_Z16hardcoded_sharedv:%4
nil	*typed_heap_alloc@_Z16hardcoded_sharedv[i8* %call5.i.i.i21.i.i.i.i2.i][16]	nil	<ovington-extra-minimal.cpp>:_Z16hardcoded_sharedv:%7
nil	*typed_heap_alloc@_Z16hardcoded_sharedv[i8* %call5.i.i.i21.i.i.i.i2.i][16]	nil	<ovington-extra-minimal.cpp>:_Z16hardcoded_sharedv:%_M_storage.i.i.i.i.i.i.i
nil	*typed_heap_alloc@_Z16hardcoded_sharedv[i8* %call5.i.i.i21.i.i.i.i2.i][8]	nil	<ovington-extra-minimal.cpp>:_Z16hardcoded_sharedv:%2
nil	*typed_heap_alloc@_Z16hardcoded_sharedv[i8* %call5.i.i.i21.i.i.i.i2.i][8]	nil	<ovington-extra-minimal.cpp>:_Z16hardcoded_sharedv:%_M_use_count.i.i.i.i.i.i.i
