nil	*argv[0]-alloc	nil	*argv-alloc
nil	*argv[0]-alloc	nil	*argv-alloc[0]
nil	*argv[0]-alloc[0]	nil	*argv-alloc
nil	*argv[0]-alloc[0]	nil	*argv-alloc[0]
nil	*global_alloc@_ZN10FakeLambdaD0Ev	nil	*global_alloc@_ZTV10FakeLambda[0].?/0[3]
nil	*global_alloc@_ZN10FakeLambdaD2Ev	nil	*global_alloc@_ZTV10FakeLambda[0].?/0[2]
nil	*global_alloc@_ZNK10FakeLambda7inspectEv	nil	*global_alloc@_ZTV10FakeLambda[0].?/0[4]
nil	*global_alloc@_ZNSt16_Sp_counted_baseILN9__gnu_cxx12_Lock_policyE2EE10_M_destroyEv	nil	*global_alloc@_ZTVSt16_Sp_counted_baseILN9__gnu_cxx12_Lock_policyE2EE[0].?/0[5]
nil	*global_alloc@_ZNSt16_Sp_counted_baseILN9__gnu_cxx12_Lock_policyE2EED0Ev	nil	*global_alloc@_ZTVSt16_Sp_counted_baseILN9__gnu_cxx12_Lock_policyE2EE[0].?/0[3]
nil	*global_alloc@_ZNSt16_Sp_counted_baseILN9__gnu_cxx12_Lock_policyE2EED2Ev	nil	*global_alloc@_ZTVSt16_Sp_counted_baseILN9__gnu_cxx12_Lock_policyE2EE[0].?/0[2]
nil	*global_alloc@_ZNSt23_Sp_counted_ptr_inplaceI10FakeLambdaSaIS0_ELN9__gnu_cxx12_Lock_policyE2EE10_M_destroyEv	nil	*global_alloc@_ZTVSt23_Sp_counted_ptr_inplaceI10FakeLambdaSaIS0_ELN9__gnu_cxx12_Lock_policyE2EE[0].?/0[5]
nil	*global_alloc@_ZNSt23_Sp_counted_ptr_inplaceI10FakeLambdaSaIS0_ELN9__gnu_cxx12_Lock_policyE2EE10_M_disposeEv	nil	*global_alloc@_ZTVSt23_Sp_counted_ptr_inplaceI10FakeLambdaSaIS0_ELN9__gnu_cxx12_Lock_policyE2EE[0].?/0[4]
nil	*global_alloc@_ZNSt23_Sp_counted_ptr_inplaceI10FakeLambdaSaIS0_ELN9__gnu_cxx12_Lock_policyE2EE14_M_get_deleterERKSt9type_info	nil	*global_alloc@_ZTVSt23_Sp_counted_ptr_inplaceI10FakeLambdaSaIS0_ELN9__gnu_cxx12_Lock_policyE2EE[0].?/0[6]
nil	*global_alloc@_ZNSt23_Sp_counted_ptr_inplaceI10FakeLambdaSaIS0_ELN9__gnu_cxx12_Lock_policyE2EED0Ev	nil	*global_alloc@_ZTVSt23_Sp_counted_ptr_inplaceI10FakeLambdaSaIS0_ELN9__gnu_cxx12_Lock_policyE2EE[0].?/0[3]
nil	*global_alloc@_ZNSt23_Sp_counted_ptr_inplaceI10FakeLambdaSaIS0_ELN9__gnu_cxx12_Lock_policyE2EED2Ev	nil	*global_alloc@_ZTVSt23_Sp_counted_ptr_inplaceI10FakeLambdaSaIS0_ELN9__gnu_cxx12_Lock_policyE2EE[0].?/0[2]
nil	*global_alloc@_ZTI10FakeLambda	nil	*global_alloc@_ZTV10FakeLambda[0].?/0[1]
nil	*global_alloc@_ZTI10FakeLambda[0]	nil	*global_alloc@_ZTV10FakeLambda[0].?/0[1]
nil	*global_alloc@_ZTI10FakeLambda[0].?/0	nil	*global_alloc@_ZTV10FakeLambda[0].?/0[1]
nil	*global_alloc@_ZTISt11_Mutex_baseILN9__gnu_cxx12_Lock_policyE2EE	nil	*global_alloc@_ZTISt16_Sp_counted_baseILN9__gnu_cxx12_Lock_policyE2EE[0].?/2
nil	*global_alloc@_ZTISt11_Mutex_baseILN9__gnu_cxx12_Lock_policyE2EE[0]	nil	*global_alloc@_ZTISt16_Sp_counted_baseILN9__gnu_cxx12_Lock_policyE2EE[0].?/2
nil	*global_alloc@_ZTISt11_Mutex_baseILN9__gnu_cxx12_Lock_policyE2EE[0].?/0	nil	*global_alloc@_ZTISt16_Sp_counted_baseILN9__gnu_cxx12_Lock_policyE2EE[0].?/2
nil	*global_alloc@_ZTISt16_Sp_counted_baseILN9__gnu_cxx12_Lock_policyE2EE	nil	*global_alloc@_ZTISt23_Sp_counted_ptr_inplaceI10FakeLambdaSaIS0_ELN9__gnu_cxx12_Lock_policyE2EE[0].?/2
nil	*global_alloc@_ZTISt16_Sp_counted_baseILN9__gnu_cxx12_Lock_policyE2EE	nil	*global_alloc@_ZTVSt16_Sp_counted_baseILN9__gnu_cxx12_Lock_policyE2EE[0].?/0[1]
nil	*global_alloc@_ZTISt16_Sp_counted_baseILN9__gnu_cxx12_Lock_policyE2EE[0]	nil	*global_alloc@_ZTISt23_Sp_counted_ptr_inplaceI10FakeLambdaSaIS0_ELN9__gnu_cxx12_Lock_policyE2EE[0].?/2
nil	*global_alloc@_ZTISt16_Sp_counted_baseILN9__gnu_cxx12_Lock_policyE2EE[0]	nil	*global_alloc@_ZTVSt16_Sp_counted_baseILN9__gnu_cxx12_Lock_policyE2EE[0].?/0[1]
nil	*global_alloc@_ZTISt16_Sp_counted_baseILN9__gnu_cxx12_Lock_policyE2EE[0].?/0	nil	*global_alloc@_ZTISt23_Sp_counted_ptr_inplaceI10FakeLambdaSaIS0_ELN9__gnu_cxx12_Lock_policyE2EE[0].?/2
nil	*global_alloc@_ZTISt16_Sp_counted_baseILN9__gnu_cxx12_Lock_policyE2EE[0].?/0	nil	*global_alloc@_ZTVSt16_Sp_counted_baseILN9__gnu_cxx12_Lock_policyE2EE[0].?/0[1]
nil	*global_alloc@_ZTISt23_Sp_counted_ptr_inplaceI10FakeLambdaSaIS0_ELN9__gnu_cxx12_Lock_policyE2EE	nil	*global_alloc@_ZTVSt23_Sp_counted_ptr_inplaceI10FakeLambdaSaIS0_ELN9__gnu_cxx12_Lock_policyE2EE[0].?/0[1]
nil	*global_alloc@_ZTISt23_Sp_counted_ptr_inplaceI10FakeLambdaSaIS0_ELN9__gnu_cxx12_Lock_policyE2EE[0]	nil	*global_alloc@_ZTVSt23_Sp_counted_ptr_inplaceI10FakeLambdaSaIS0_ELN9__gnu_cxx12_Lock_policyE2EE[0].?/0[1]
nil	*global_alloc@_ZTISt23_Sp_counted_ptr_inplaceI10FakeLambdaSaIS0_ELN9__gnu_cxx12_Lock_policyE2EE[0].?/0	nil	*global_alloc@_ZTVSt23_Sp_counted_ptr_inplaceI10FakeLambdaSaIS0_ELN9__gnu_cxx12_Lock_policyE2EE[0].?/0[1]
nil	*global_alloc@_ZTS10FakeLambda	nil	*global_alloc@_ZTI10FakeLambda[0].?/1
nil	*global_alloc@_ZTS10FakeLambda[0]	nil	*global_alloc@_ZTI10FakeLambda[0].?/1
nil	*global_alloc@_ZTS10FakeLambda[0][*]	nil	*global_alloc@_ZTI10FakeLambda[0].?/1
nil	*global_alloc@_ZTSSt11_Mutex_baseILN9__gnu_cxx12_Lock_policyE2EE	nil	*global_alloc@_ZTISt11_Mutex_baseILN9__gnu_cxx12_Lock_policyE2EE[0].?/1
nil	*global_alloc@_ZTSSt11_Mutex_baseILN9__gnu_cxx12_Lock_policyE2EE[0]	nil	*global_alloc@_ZTISt11_Mutex_baseILN9__gnu_cxx12_Lock_policyE2EE[0].?/1
nil	*global_alloc@_ZTSSt11_Mutex_baseILN9__gnu_cxx12_Lock_policyE2EE[0][*]	nil	*global_alloc@_ZTISt11_Mutex_baseILN9__gnu_cxx12_Lock_policyE2EE[0].?/1
nil	*global_alloc@_ZTSSt16_Sp_counted_baseILN9__gnu_cxx12_Lock_policyE2EE	nil	*global_alloc@_ZTISt16_Sp_counted_baseILN9__gnu_cxx12_Lock_policyE2EE[0].?/1
nil	*global_alloc@_ZTSSt16_Sp_counted_baseILN9__gnu_cxx12_Lock_policyE2EE[0]	nil	*global_alloc@_ZTISt16_Sp_counted_baseILN9__gnu_cxx12_Lock_policyE2EE[0].?/1
nil	*global_alloc@_ZTSSt16_Sp_counted_baseILN9__gnu_cxx12_Lock_policyE2EE[0][*]	nil	*global_alloc@_ZTISt16_Sp_counted_baseILN9__gnu_cxx12_Lock_policyE2EE[0].?/1
nil	*global_alloc@_ZTSSt23_Sp_counted_ptr_inplaceI10FakeLambdaSaIS0_ELN9__gnu_cxx12_Lock_policyE2EE	nil	*global_alloc@_ZTISt23_Sp_counted_ptr_inplaceI10FakeLambdaSaIS0_ELN9__gnu_cxx12_Lock_policyE2EE[0].?/1
nil	*global_alloc@_ZTSSt23_Sp_counted_ptr_inplaceI10FakeLambdaSaIS0_ELN9__gnu_cxx12_Lock_policyE2EE[0]	nil	*global_alloc@_ZTISt23_Sp_counted_ptr_inplaceI10FakeLambdaSaIS0_ELN9__gnu_cxx12_Lock_policyE2EE[0].?/1
nil	*global_alloc@_ZTSSt23_Sp_counted_ptr_inplaceI10FakeLambdaSaIS0_ELN9__gnu_cxx12_Lock_policyE2EE[0][*]	nil	*global_alloc@_ZTISt23_Sp_counted_ptr_inplaceI10FakeLambdaSaIS0_ELN9__gnu_cxx12_Lock_policyE2EE[0].?/1
nil	*global_alloc@_ZTV10FakeLambda[0].?/0[2]	nil	*heap_alloc@_Z16hardcoded_sharedv[i8* %call5.i.i.i21.i.i.i.i2.i][16]
nil	*global_alloc@_ZTV10FakeLambda[0].?/0[2]	nil	*typed_heap_alloc@_Z16hardcoded_sharedv[i8* %call5.i.i.i21.i.i.i.i2.i][16]
nil	*global_alloc@_ZTVN10__cxxabiv117__class_type_infoE[2]	nil	*global_alloc@_ZTI10FakeLambda
nil	*global_alloc@_ZTVN10__cxxabiv117__class_type_infoE[2]	nil	*global_alloc@_ZTI10FakeLambda[0]
nil	*global_alloc@_ZTVN10__cxxabiv117__class_type_infoE[2]	nil	*global_alloc@_ZTI10FakeLambda[0].?/0
nil	*global_alloc@_ZTVN10__cxxabiv117__class_type_infoE[2]	nil	*global_alloc@_ZTISt11_Mutex_baseILN9__gnu_cxx12_Lock_policyE2EE
nil	*global_alloc@_ZTVN10__cxxabiv117__class_type_infoE[2]	nil	*global_alloc@_ZTISt11_Mutex_baseILN9__gnu_cxx12_Lock_policyE2EE[0]
nil	*global_alloc@_ZTVN10__cxxabiv117__class_type_infoE[2]	nil	*global_alloc@_ZTISt11_Mutex_baseILN9__gnu_cxx12_Lock_policyE2EE[0].?/0
nil	*global_alloc@_ZTVN10__cxxabiv120__si_class_type_infoE[2]	nil	*global_alloc@_ZTISt16_Sp_counted_baseILN9__gnu_cxx12_Lock_policyE2EE
nil	*global_alloc@_ZTVN10__cxxabiv120__si_class_type_infoE[2]	nil	*global_alloc@_ZTISt16_Sp_counted_baseILN9__gnu_cxx12_Lock_policyE2EE[0]
nil	*global_alloc@_ZTVN10__cxxabiv120__si_class_type_infoE[2]	nil	*global_alloc@_ZTISt16_Sp_counted_baseILN9__gnu_cxx12_Lock_policyE2EE[0].?/0
nil	*global_alloc@_ZTVN10__cxxabiv120__si_class_type_infoE[2]	nil	*global_alloc@_ZTISt23_Sp_counted_ptr_inplaceI10FakeLambdaSaIS0_ELN9__gnu_cxx12_Lock_policyE2EE
nil	*global_alloc@_ZTVN10__cxxabiv120__si_class_type_infoE[2]	nil	*global_alloc@_ZTISt23_Sp_counted_ptr_inplaceI10FakeLambdaSaIS0_ELN9__gnu_cxx12_Lock_policyE2EE[0]
nil	*global_alloc@_ZTVN10__cxxabiv120__si_class_type_infoE[2]	nil	*global_alloc@_ZTISt23_Sp_counted_ptr_inplaceI10FakeLambdaSaIS0_ELN9__gnu_cxx12_Lock_policyE2EE[0].?/0
nil	*global_alloc@_ZTVSt16_Sp_counted_baseILN9__gnu_cxx12_Lock_policyE2EE[0].?/0[2]	nil	*heap_alloc@_Z16hardcoded_sharedv[i8* %call5.i.i.i21.i.i.i.i2.i]
nil	*global_alloc@_ZTVSt16_Sp_counted_baseILN9__gnu_cxx12_Lock_policyE2EE[0].?/0[2]	nil	*heap_alloc@_Z16hardcoded_sharedv[i8* %call5.i.i.i21.i.i.i.i2.i][0]
nil	*global_alloc@_ZTVSt16_Sp_counted_baseILN9__gnu_cxx12_Lock_policyE2EE[0].?/0[2]	nil	*typed_heap_alloc@_Z16hardcoded_sharedv[i8* %call5.i.i.i21.i.i.i.i2.i]
nil	*global_alloc@_ZTVSt16_Sp_counted_baseILN9__gnu_cxx12_Lock_policyE2EE[0].?/0[2]	nil	*typed_heap_alloc@_Z16hardcoded_sharedv[i8* %call5.i.i.i21.i.i.i.i2.i][0]
nil	*global_alloc@_ZTVSt23_Sp_counted_ptr_inplaceI10FakeLambdaSaIS0_ELN9__gnu_cxx12_Lock_policyE2EE[0].?/0[2]	nil	*heap_alloc@_Z16hardcoded_sharedv[i8* %call5.i.i.i21.i.i.i.i2.i]
nil	*global_alloc@_ZTVSt23_Sp_counted_ptr_inplaceI10FakeLambdaSaIS0_ELN9__gnu_cxx12_Lock_policyE2EE[0].?/0[2]	nil	*heap_alloc@_Z16hardcoded_sharedv[i8* %call5.i.i.i21.i.i.i.i2.i][0]
nil	*global_alloc@_ZTVSt23_Sp_counted_ptr_inplaceI10FakeLambdaSaIS0_ELN9__gnu_cxx12_Lock_policyE2EE[0].?/0[2]	nil	*typed_heap_alloc@_Z16hardcoded_sharedv[i8* %call5.i.i.i21.i.i.i.i2.i]
nil	*global_alloc@_ZTVSt23_Sp_counted_ptr_inplaceI10FakeLambdaSaIS0_ELN9__gnu_cxx12_Lock_policyE2EE[0].?/0[2]	nil	*typed_heap_alloc@_Z16hardcoded_sharedv[i8* %call5.i.i.i21.i.i.i.i2.i][0]
nil	*global_alloc@__cxa_pure_virtual	nil	*global_alloc@_ZTVSt16_Sp_counted_baseILN9__gnu_cxx12_Lock_policyE2EE[0].?/0[4]
nil	*global_alloc@__cxa_pure_virtual	nil	*global_alloc@_ZTVSt16_Sp_counted_baseILN9__gnu_cxx12_Lock_policyE2EE[0].?/0[6]
nil	*heap_alloc@_Z16hardcoded_sharedv[i8* %call5.i.i.i21.i.i.i.i2.i]	nil	*stack_alloc@_Z16hardcoded_sharedv[%"class.std::shared_ptr"* %mylambda][0].?/0.?/1
nil	*heap_alloc@_Z16hardcoded_sharedv[i8* %call5.i.i.i21.i.i.i.i2.i]	nil	*stack_alloc@_Z16hardcoded_sharedv[%"class.std::shared_ptr"* %mylambda][0].?/0.?/1.?/0
nil	*heap_alloc@_Z16hardcoded_sharedv[i8* %call5.i.i.i21.i.i.i.i2.i][0]	nil	*stack_alloc@_Z16hardcoded_sharedv[%"class.std::shared_ptr"* %mylambda][0].?/0.?/1
nil	*heap_alloc@_Z16hardcoded_sharedv[i8* %call5.i.i.i21.i.i.i.i2.i][0]	nil	*stack_alloc@_Z16hardcoded_sharedv[%"class.std::shared_ptr"* %mylambda][0].?/0.?/1.?/0
nil	*heap_alloc@_Z16hardcoded_sharedv[i8* %call5.i.i.i21.i.i.i.i2.i][16]	[<ovington-extra-minimal.cpp>:_Z16hardcoded_sharedv:63, nil]	*stack_alloc@_ZNK10FakeLambda7inspectEv[%class.FakeLambda** %this.addr]
nil	*heap_alloc@_Z16hardcoded_sharedv[i8* %call5.i.i.i21.i.i.i.i2.i][16]	[<ovington-extra-minimal.cpp>:_Z16hardcoded_sharedv:63, nil]	*stack_alloc@_ZNK10FakeLambda7inspectEv[%class.FakeLambda** %this.addr][0]
nil	*heap_alloc@_Z16hardcoded_sharedv[i8* %call5.i.i.i21.i.i.i.i2.i][16]	nil	*stack_alloc@_Z16hardcoded_sharedv[%"class.std::shared_ptr"* %mylambda]
nil	*heap_alloc@_Z16hardcoded_sharedv[i8* %call5.i.i.i21.i.i.i.i2.i][16]	nil	*stack_alloc@_Z16hardcoded_sharedv[%"class.std::shared_ptr"* %mylambda][0]
nil	*heap_alloc@_Z16hardcoded_sharedv[i8* %call5.i.i.i21.i.i.i.i2.i][16]	nil	*stack_alloc@_Z16hardcoded_sharedv[%"class.std::shared_ptr"* %mylambda][0].?/0
nil	*heap_alloc@_Z16hardcoded_sharedv[i8* %call5.i.i.i21.i.i.i.i2.i][16]	nil	*stack_alloc@_Z16hardcoded_sharedv[%"class.std::shared_ptr"* %mylambda][0].?/0.?/0
nil	*null*	nil	*global_alloc@_ZTV10FakeLambda
nil	*null*	nil	*global_alloc@_ZTV10FakeLambda[0]
nil	*null*	nil	*global_alloc@_ZTV10FakeLambda[0].?/0
nil	*null*	nil	*global_alloc@_ZTV10FakeLambda[0].?/0[0]
nil	*null*	nil	*global_alloc@_ZTVSt16_Sp_counted_baseILN9__gnu_cxx12_Lock_policyE2EE
nil	*null*	nil	*global_alloc@_ZTVSt16_Sp_counted_baseILN9__gnu_cxx12_Lock_policyE2EE[0]
nil	*null*	nil	*global_alloc@_ZTVSt16_Sp_counted_baseILN9__gnu_cxx12_Lock_policyE2EE[0].?/0
nil	*null*	nil	*global_alloc@_ZTVSt16_Sp_counted_baseILN9__gnu_cxx12_Lock_policyE2EE[0].?/0[0]
nil	*null*	nil	*global_alloc@_ZTVSt23_Sp_counted_ptr_inplaceI10FakeLambdaSaIS0_ELN9__gnu_cxx12_Lock_policyE2EE
nil	*null*	nil	*global_alloc@_ZTVSt23_Sp_counted_ptr_inplaceI10FakeLambdaSaIS0_ELN9__gnu_cxx12_Lock_policyE2EE[0]
nil	*null*	nil	*global_alloc@_ZTVSt23_Sp_counted_ptr_inplaceI10FakeLambdaSaIS0_ELN9__gnu_cxx12_Lock_policyE2EE[0].?/0
nil	*null*	nil	*global_alloc@_ZTVSt23_Sp_counted_ptr_inplaceI10FakeLambdaSaIS0_ELN9__gnu_cxx12_Lock_policyE2EE[0].?/0[0]
nil	*null*	nil	*stack_alloc@_Z16hardcoded_sharedv[%"class.std::shared_ptr"* %mylambda]
nil	*null*	nil	*stack_alloc@_Z16hardcoded_sharedv[%"class.std::shared_ptr"* %mylambda][0]
nil	*null*	nil	*stack_alloc@_Z16hardcoded_sharedv[%"class.std::shared_ptr"* %mylambda][0].?/0
nil	*null*	nil	*stack_alloc@_Z16hardcoded_sharedv[%"class.std::shared_ptr"* %mylambda][0].?/0.?/0
nil	*typed_heap_alloc@_Z16hardcoded_sharedv[i8* %call5.i.i.i21.i.i.i.i2.i]	nil	*stack_alloc@_Z16hardcoded_sharedv[%"class.std::shared_ptr"* %mylambda][0].?/0.?/1
nil	*typed_heap_alloc@_Z16hardcoded_sharedv[i8* %call5.i.i.i21.i.i.i.i2.i]	nil	*stack_alloc@_Z16hardcoded_sharedv[%"class.std::shared_ptr"* %mylambda][0].?/0.?/1.?/0
nil	*typed_heap_alloc@_Z16hardcoded_sharedv[i8* %call5.i.i.i21.i.i.i.i2.i][0]	nil	*stack_alloc@_Z16hardcoded_sharedv[%"class.std::shared_ptr"* %mylambda][0].?/0.?/1
nil	*typed_heap_alloc@_Z16hardcoded_sharedv[i8* %call5.i.i.i21.i.i.i.i2.i][0]	nil	*stack_alloc@_Z16hardcoded_sharedv[%"class.std::shared_ptr"* %mylambda][0].?/0.?/1.?/0
nil	*typed_heap_alloc@_Z16hardcoded_sharedv[i8* %call5.i.i.i21.i.i.i.i2.i][16]	[<ovington-extra-minimal.cpp>:_Z16hardcoded_sharedv:63, nil]	*stack_alloc@_ZNK10FakeLambda7inspectEv[%class.FakeLambda** %this.addr]
nil	*typed_heap_alloc@_Z16hardcoded_sharedv[i8* %call5.i.i.i21.i.i.i.i2.i][16]	[<ovington-extra-minimal.cpp>:_Z16hardcoded_sharedv:63, nil]	*stack_alloc@_ZNK10FakeLambda7inspectEv[%class.FakeLambda** %this.addr][0]
nil	*typed_heap_alloc@_Z16hardcoded_sharedv[i8* %call5.i.i.i21.i.i.i.i2.i][16]	nil	*stack_alloc@_Z16hardcoded_sharedv[%"class.std::shared_ptr"* %mylambda]
nil	*typed_heap_alloc@_Z16hardcoded_sharedv[i8* %call5.i.i.i21.i.i.i.i2.i][16]	nil	*stack_alloc@_Z16hardcoded_sharedv[%"class.std::shared_ptr"* %mylambda][0]
nil	*typed_heap_alloc@_Z16hardcoded_sharedv[i8* %call5.i.i.i21.i.i.i.i2.i][16]	nil	*stack_alloc@_Z16hardcoded_sharedv[%"class.std::shared_ptr"* %mylambda][0].?/0
nil	*typed_heap_alloc@_Z16hardcoded_sharedv[i8* %call5.i.i.i21.i.i.i.i2.i][16]	nil	*stack_alloc@_Z16hardcoded_sharedv[%"class.std::shared_ptr"* %mylambda][0].?/0.?/0
nil	*unknown*	nil	*unknown*
