[<<main-context>>, nil]	*heap_alloc@main[i8* %call.i13][0]	*heap_alloc@main[i8* %call.i13]
[<<main-context>>, nil]	*heap_alloc@main[i8* %call.i][0]	*heap_alloc@main[i8* %call.i]
[<<main-context>>, nil]	*typed_heap_alloc@main[%struct.obj* %call.i13][0]	*typed_heap_alloc@main[%struct.obj* %call.i13]
[<<main-context>>, nil]	*typed_heap_alloc@main[%struct.obj* %call.i13][0].?/0	*typed_heap_alloc@main[%struct.obj* %call.i13][0]
[<<main-context>>, nil]	*typed_heap_alloc@main[%struct.obj* %call.i][0]	*typed_heap_alloc@main[%struct.obj* %call.i]
[<<main-context>>, nil]	*typed_heap_alloc@main[%struct.obj* %call.i][0].?/0	*typed_heap_alloc@main[%struct.obj* %call.i][0]
