<points-to_malloc-context.c>:main:0	*heap_alloc@main[i8* %call.i]
<points-to_malloc-context.c>:main:3	*heap_alloc@main[i8* %call.i13]
