nil	*global_alloc@llvm.dbg.value	*global_alloc@llvm.dbg.value
