nil	*argv-alloc	[<<main-context>>, nil]	<type-backprop.c>:main:%argv
